  Determining projects to restore...
c:\Projects\ProjectSaaS\services\document-service\DocumentService.Application\DocumentService.Application.csproj : warning NU1903: Package 'AutoMapper' 13.0.1 has a known high severity vulnerability, https://github.com/advisories/GHSA-rvv3-g6hj-g44x [c:\Projects\ProjectSaaS\services\document-service\DocumentService.API\DocumentService.API.csproj]
  Restored c:\Projects\ProjectSaaS\shared\Shared.Infrastructure\Shared.Infrastructure.csproj (in 150 ms).
  Restored c:\Projects\ProjectSaaS\services\document-service\DocumentService.API\DocumentService.API.csproj (in 422 ms).
  Restored c:\Projects\ProjectSaaS\services\document-service\DocumentService.Infrastructure\DocumentService.Infrastructure.csproj (in 422 ms).
  4 of 7 projects are up-to-date for restore.
c:\Projects\ProjectSaaS\services\document-service\DocumentService.Application\DocumentService.Application.csproj : warning NU1903: Package 'AutoMapper' 13.0.1 has a known high severity vulnerability, https://github.com/advisories/GHSA-rvv3-g6hj-g44x
  Shared.Contracts -> c:\Projects\ProjectSaaS\shared\Shared.Contracts\bin\Debug\net8.0\Shared.Contracts.dll
  Shared.Infrastructure -> c:\Projects\ProjectSaaS\shared\Shared.Infrastructure\bin\Debug\net8.0\Shared.Infrastructure.dll
  Shared.Domain -> C:\Projects\ProjectSaaS\shared\Shared.Domain\bin\Debug\net8.0\Shared.Domain.dll
  DocumentService.Domain -> c:\Projects\ProjectSaaS\services\document-service\DocumentService.Domain\bin\Debug\net8.0\DocumentService.Domain.dll
c:\Projects\ProjectSaaS\services\document-service\DocumentService.Application\Commands\UploadDocument\UploadDocumentCommandHandler.cs(68,43): error CS1503: Argument 2: cannot convert from 'System.Threading.CancellationToken' to 'System.Guid' [c:\Projects\ProjectSaaS\services\document-service\DocumentService.Application\DocumentService.Application.csproj]

Build FAILED.

c:\Projects\ProjectSaaS\services\document-service\DocumentService.Application\DocumentService.Application.csproj : warning NU1903: Package 'AutoMapper' 13.0.1 has a known high severity vulnerability, https://github.com/advisories/GHSA-rvv3-g6hj-g44x [c:\Projects\ProjectSaaS\services\document-service\DocumentService.API\DocumentService.API.csproj]
c:\Projects\ProjectSaaS\services\document-service\DocumentService.Application\DocumentService.Application.csproj : warning NU1903: Package 'AutoMapper' 13.0.1 has a known high severity vulnerability, https://github.com/advisories/GHSA-rvv3-g6hj-g44x
c:\Projects\ProjectSaaS\services\document-service\DocumentService.Application\Commands\UploadDocument\UploadDocumentCommandHandler.cs(68,43): error CS1503: Argument 2: cannot convert from 'System.Threading.CancellationToken' to 'System.Guid' [c:\Projects\ProjectSaaS\services\document-service\DocumentService.Application\DocumentService.Application.csproj]
    2 Warning(s)
    1 Error(s)

Time Elapsed 00:00:04.92
